<?xml version="1.0" encoding="utf-8"?><testsuites name="pytest tests"><testsuite name="pytest" errors="0" failures="0" skipped="0" tests="2" time="0.384" timestamp="2026-10-01T20:39:51.801720+00:00" hostname="runnervm8df0l"><testcase classname="tests.backend.test_main" name="test_hello_returns_message" time="0.005" /><testcase classname="tests.backend.test_main" name="test_unknown_route_returns_404" time="0.002" /></testsuite></testsuites>